******************************************************************************
                  MSP430 Linker PC v15.12.1                    
******************************************************************************
>> Linked Mon Nov 21 09:12:03 2016

OUTPUT FILE NAME:   <project9.2.out>
ENTRY POINT SYMBOL: "_c_int00_noargs_noexit"  address: 0000d4c6


MEMORY CONFIGURATION

         name            origin    length      used     unused   attr    fill
----------------------  --------  ---------  --------  --------  ----  --------
  SFR                   00000000   00000010  00000000  00000010  RWIX
  PERIPHERALS_8BIT      00000010   000000f0  00000000  000000f0  RWIX
  PERIPHERALS_16BIT     00000100   00000100  00000000  00000100  RWIX
  RAM                   00000200   00000200  00000110  000000f0  RWIX
  INFOD                 00001000   00000040  00000000  00000040  RWIX
  INFOC                 00001040   00000040  00000000  00000040  RWIX
  INFOB                 00001080   00000040  00000000  00000040  RWIX
  INFOA                 000010c0   00000040  00000000  00000040  RWIX
  FLASH                 0000c000   00003fde  0000161a  000029c4  RWIX
  BSLSIGNATURE          0000ffde   00000002  00000002  00000000  RWIX  ffff 
  INT00                 0000ffe0   00000002  00000002  00000000  RWIX
  INT01                 0000ffe2   00000002  00000000  00000002  RWIX
  INT02                 0000ffe4   00000002  00000002  00000000  RWIX
  INT03                 0000ffe6   00000002  00000002  00000000  RWIX
  INT04                 0000ffe8   00000002  00000000  00000002  RWIX
  INT05                 0000ffea   00000002  00000002  00000000  RWIX
  INT06                 0000ffec   00000002  00000002  00000000  RWIX
  INT07                 0000ffee   00000002  00000002  00000000  RWIX
  INT08                 0000fff0   00000002  00000002  00000000  RWIX
  INT09                 0000fff2   00000002  00000002  00000000  RWIX
  INT10                 0000fff4   00000002  00000002  00000000  RWIX
  INT11                 0000fff6   00000002  00000002  00000000  RWIX
  INT12                 0000fff8   00000002  00000002  00000000  RWIX
  INT13                 0000fffa   00000002  00000002  00000000  RWIX
  INT14                 0000fffc   00000002  00000002  00000000  RWIX
  RESET                 0000fffe   00000002  00000002  00000000  RWIX


SECTION ALLOCATION MAP

 output                                  attributes/
section   page    origin      length       input sections
--------  ----  ----------  ----------   ----------------
.sysmem    0    00000200    00000050     UNINITIALIZED
                  00000200    00000004     rts430_eabi.lib : memory.obj (.sysmem)
                  00000204    0000004c     --HOLE--

.bss       0    00000250    0000004e     UNINITIALIZED
                  00000250    00000010     (.common:xBuffer)
                  00000260    00000010     (.common:yBuffer)
                  00000270    00000010     (.common:zBuffer)
                  00000280    00000006     rts430_eabi.lib : memory.obj (.bss)
                  00000286    00000006     (.common:currentSamples)
                  0000028c    00000002     (.common:CurrentSampleIndex)
                  0000028e    00000002     (.common:calibrationPushButton)
                  00000290    00000002     (.common:info)
                  00000292    00000002     (.common:xAverage)
                  00000294    00000002     (.common:xCumulativeSum)
                  00000296    00000002     (.common:yAverage)
                  00000298    00000002     (.common:yCumulativeSum)
                  0000029a    00000002     (.common:zAverage)
                  0000029c    00000002     (.common:zCumulativeSum)

.data      0    0000029e    00000022     UNINITIALIZED
                  0000029e    0000001a     main.obj (.data)
                  000002b8    00000002     LED.obj (.data)
                  000002ba    00000002     rts430_eabi.lib : _lock.obj (.data:_lock)
                  000002bc    00000002                     : _lock.obj (.data:_unlock)
                  000002be    00000002                     : memory.obj (.data)

.stack     0    000003b0    00000050     UNINITIALIZED
                  000003b0    00000002     rts430_eabi.lib : boot.obj (.stack)
                  000003b2    0000004e     --HOLE--

.text      0    0000c000    000015b4     
                  0000c000    00000488     Accelerometer.obj (.text:determineTilt)
                  0000c488    00000268     LED.obj (.text:SetLEDDisplay)
                  0000c6f0    000001da     cordic.obj (.text:Cordic)
                  0000c8ca    0000011a     Accelerometer.obj (.text:Calibrate)
                  0000c9e4    000000dc     rts430_eabi.lib : cmpd.obj (.text:__mspabi_cmpd)
                  0000cac0    000000ca     debounce.obj (.text:Debouncer)
                  0000cb8a    000000c2     main.obj (.text:main)
                  0000cc4c    000000ae     rts430_eabi.lib : memory.obj (.text:malloc)
                  0000ccfa    000000ac                     : fltlid.obj (.text:__mspabi_fltlid)
                  0000cda6    00000094     Accelerometer.obj (.text:filter)
                  0000ce3a    00000088     timerA.obj (.text:Timer0_A0)
                  0000cec2    00000080     rts430_eabi.lib : memory.obj (.text:free)
                  0000cf42    0000007e                     : fs_tol.obj (.text)
                  0000cfc0    0000006e                     : autoinit.obj (.text:_auto_init)
                  0000d02e    00000064                     : copy_decompress_rle.obj (.text:__TI_decompress_rle_core)
                  0000d092    00000060     main.obj (.text:InitializeSampleBuffer)
                  0000d0f2    0000005c     rts430_eabi.lib : lsr32.obj (.text:l_lsr_const)
                  0000d14e    0000005a                     : cpy_tbl.obj (.text:copy_in)
                  0000d1a8    0000004a                     : fs_cmp.obj (.text)
                  0000d1f2    0000004a                     : fs_ltof.obj (.text)
                  0000d23c    0000003e                     : asr32.obj (.text:l_asr_const)
                  0000d27a    0000003e                     : lsl32.obj (.text:l_lsl_const)
                  0000d2b8    00000038     ADC.obj (.text:ConfigureADC)
                  0000d2f0    00000038     spi.obj (.text:SPISendByte)
                  0000d328    00000038     rts430_eabi.lib : memory.obj (.text:minit)
                  0000d360    00000036                     : fs_itof.obj (.text)
                  0000d396    0000002e     spi.obj (.text:InitializeSPI)
                  0000d3c4    0000002c     LED.obj (.text:InitializeLEDInfo)
                  0000d3f0    0000002c     rts430_eabi.lib : div16s.obj (.text)
                  0000d41c    0000002c                     : lsl16.obj (.text)
                  0000d448    00000024     Accelerometer.obj (.text:getAccelerometerValues)
                  0000d46c    0000001e     timerA.obj (.text:ConfigureTimerA)
                  0000d48a    0000001e     debounce.obj (.text:GetSwitch)
                  0000d4a8    0000001e     debounce.obj (.text:InitializeSwitch)
                  0000d4c6    0000001a     rts430_eabi.lib : boot_special.obj (.text:_c_int00_noargs_noexit)
                  0000d4e0    00000016                     : div16u.obj (.text)
                  0000d4f6    00000014     main.obj (.text:ManageSoftwareTimers)
                  0000d50a    00000014     rts430_eabi.lib : mult16.obj (.text)
                  0000d51e    00000012                     : copy_decompress_none.obj (.text:decompress:none:__TI_decompress_none)
                  0000d530    00000012                     : memcpy.obj (.text:memcpy)
                  0000d542    00000010                     : asr32.obj (.text:l_asr)
                  0000d552    00000010                     : epilog.obj (.text)
                  0000d562    0000000e     main.obj (.text:ConfigureClockModule)
                  0000d570    0000000e     pushbutton.obj (.text:InitializePushButtonPortPin)
                  0000d57e    0000000a     rts430_eabi.lib : abs.obj (.text:abs)
                  0000d588    0000000a                     : fs_neg.obj (.text)
                  0000d592    00000008                     : isr_trap.obj (.text:_isr:__TI_ISR_TRAP)
                  0000d59a    00000006     pushbutton.obj (.text:Button_routine)
                  0000d5a0    00000006     rts430_eabi.lib : exit.obj (.text:abort)
                  0000d5a6    00000006                     : copy_decompress_rle.obj (.text:decompress:rle24:__TI_decompress_rle24)
                  0000d5ac    00000004                     : pre_init.obj (.text:_system_pre_init)
                  0000d5b0    00000002                     : _lock.obj (.text:_nop)
                  0000d5b2    00000002                     : startup.obj (.text:_system_post_cinit)

.const     0    0000d5b4    00000040     
                  0000d5b4    00000040     cordic.obj (.const:cordic_ctab_degrees)

.cinit     0    0000d5f4    00000026     
                  0000d5f4    0000000f     (.cinit..data.load) [load image, compression = rle]
                  0000d603    00000001     --HOLE-- [fill = 0]
                  0000d604    00000009     (.cinit..bss.load) [load image, compression = rle]
                  0000d60d    00000001     --HOLE-- [fill = 0]
                  0000d60e    00000004     (__TI_handler_table)
                  0000d612    00000008     (__TI_cinit_table)

.init_array 
*          0    0000c000    00000000     UNINITIALIZED

TRAPINT    0    0000ffe0    00000002     
                  0000ffe0    00000002     rts430_eabi.lib : int00.obj (.int00)

$fill000   0    0000ffde    00000002     
                  0000ffde    00000002     --HOLE-- [fill = ffff]

PORT1      0    0000ffe4    00000002     
                  0000ffe4    00000002     pushbutton.obj (.int02)

PORT2      0    0000ffe6    00000002     
                  0000ffe6    00000002     rts430_eabi.lib : int03.obj (.int03)

ADC10      0    0000ffea    00000002     
                  0000ffea    00000002     rts430_eabi.lib : int05.obj (.int05)

USCIAB0TX 
*          0    0000ffec    00000002     
                  0000ffec    00000002     rts430_eabi.lib : int06.obj (.int06)

USCIAB0RX 
*          0    0000ffee    00000002     
                  0000ffee    00000002     rts430_eabi.lib : int07.obj (.int07)

TIMER0_A1 
*          0    0000fff0    00000002     
                  0000fff0    00000002     rts430_eabi.lib : int08.obj (.int08)

TIMER0_A0 
*          0    0000fff2    00000002     
                  0000fff2    00000002     timerA.obj (.int09)

WDT        0    0000fff4    00000002     
                  0000fff4    00000002     rts430_eabi.lib : int10.obj (.int10)

COMPARATORA 
*          0    0000fff6    00000002     
                  0000fff6    00000002     rts430_eabi.lib : int11.obj (.int11)

TIMER1_A1 
*          0    0000fff8    00000002     
                  0000fff8    00000002     rts430_eabi.lib : int12.obj (.int12)

TIMER1_A0 
*          0    0000fffa    00000002     
                  0000fffa    00000002     rts430_eabi.lib : int13.obj (.int13)

NMI        0    0000fffc    00000002     
                  0000fffc    00000002     rts430_eabi.lib : int14.obj (.int14)

.reset     0    0000fffe    00000002     
                  0000fffe    00000002     rts430_eabi.lib : boot.obj (.reset)

MODULE SUMMARY

       Module                     code   ro data   rw data
       ------                     ----   -------   -------
    .\
       Accelerometer.obj          1626   0         0      
       LED.obj                    660    0         2      
       cordic.obj                 474    64        0      
       main.obj                   324    0         98     
       debounce.obj               262    0         0      
       timerA.obj                 166    2         0      
       spi.obj                    102    0         0      
       ADC.obj                    56     0         0      
       pushbutton.obj             20     2         0      
    +--+--------------------------+------+---------+---------+
       Total:                     3690   68        100    
                                                          
    C:\ti\ccsv6\tools\compiler\ti-cgt-msp430_15.12.1.LTS\lib\rts430_eabi.lib
       memory.obj                 358    0         8      
       cmpd.obj                   220    0         0      
       fltlid.obj                 172    0         0      
       fs_tol.obj                 126    0         0      
       autoinit.obj               110    0         0      
       copy_decompress_rle.obj    106    0         0      
       lsr32.obj                  92     0         0      
       cpy_tbl.obj                90     0         0      
       asr32.obj                  78     0         0      
       fs_cmp.obj                 74     0         0      
       fs_ltof.obj                74     0         0      
       lsl32.obj                  62     0         0      
       fs_itof.obj                54     0         0      
       div16s.obj                 44     0         0      
       lsl16.obj                  44     0         0      
       boot_special.obj           26     0         0      
       div16u.obj                 22     0         0      
       mult16.obj                 20     0         0      
       copy_decompress_none.obj   18     0         0      
       memcpy.obj                 18     0         0      
       epilog.obj                 16     0         0      
       abs.obj                    10     0         0      
       fs_neg.obj                 10     0         0      
       isr_trap.obj               8      0         0      
       _lock.obj                  2      0         4      
       exit.obj                   6      0         0      
       pre_init.obj               4      0         0      
       boot.obj                   0      2         0      
       int00.obj                  0      2         0      
       int03.obj                  0      2         0      
       int05.obj                  0      2         0      
       int06.obj                  0      2         0      
       int07.obj                  0      2         0      
       int08.obj                  0      2         0      
       int10.obj                  0      2         0      
       int11.obj                  0      2         0      
       int12.obj                  0      2         0      
       int13.obj                  0      2         0      
       int14.obj                  0      2         0      
       startup.obj                2      0         0      
    +--+--------------------------+------+---------+---------+
       Total:                     1866   24        12     
                                                          
       Heap:                      0      0         80     
       Stack:                     0      0         80     
       Linker Generated:          0      36        0      
    +--+--------------------------+------+---------+---------+
       Grand Total:               5556   128       272    


LINKER GENERATED COPY TABLES

__TI_cinit_table @ 0000d612 records: 2, size/record: 4, table size: 8
	.data: load addr=0000d5f4, load size=0000000f bytes, run addr=0000029e, run size=00000022 bytes, compression=rle
	.bss: load addr=0000d604, load size=00000009 bytes, run addr=00000250, run size=0000004e bytes, compression=rle


LINKER GENERATED HANDLER TABLE

__TI_handler_table @ 0000d60e records: 2, size/record: 2, table size: 4
	index: 0, handler: __TI_decompress_rle24
	index: 1, handler: __TI_decompress_none


GLOBAL SYMBOLS: SORTED ALPHABETICALLY BY Name 

address   name                       
-------   ----                       
0000004a  ADC10AE0                   
000001b0  ADC10CTL0                  
000001b2  ADC10CTL1                  
00000048  ADC10DTC0                  
00000049  ADC10DTC1                  
000001b4  ADC10MEM                   
000001bc  ADC10SA                    
00000057  BCSCTL1                    
00000058  BCSCTL2                    
00000053  BCSCTL3                    
0000d59a  Button_routine             
0000d5a0  C$$EXIT                    
00000059  CACTL1                     
0000005a  CACTL2                     
000010fb  CALBC1_12MHZ               
000010f9  CALBC1_16MHZ               
000010ff  CALBC1_1MHZ                
000010fd  CALBC1_8MHZ                
000010fa  CALDCO_12MHZ               
000010f8  CALDCO_16MHZ               
000010fe  CALDCO_1MHZ                
000010fc  CALDCO_8MHZ                
0000005b  CAPD                       
0000c8ca  Calibrate                  
0000d2b8  ConfigureADC               
0000d562  ConfigureClockModule       
0000d46c  ConfigureTimerA            
0000c6f0  Cordic                     
0000028c  CurrentSampleIndex         
00000056  DCOCTL                     
0000cac0  Debouncer                  
00000128  FCTL1                      
0000012a  FCTL2                      
0000012c  FCTL3                      
0000d48a  GetSwitch                  
00000000  IE1                        
00000001  IE2                        
00000002  IFG1                       
00000003  IFG2                       
0000d3c4  InitializeLEDInfo          
0000d570  InitializePushButtonPortPin
0000d396  InitializeSPI              
0000d092  InitializeSampleBuffer     
0000d4a8  InitializeSwitch           
000002a4  LEDRefreshTimer            
0000d4f6  ManageSoftwareTimers       
00000022  P1DIR                      
00000025  P1IE                       
00000024  P1IES                      
00000023  P1IFG                      
00000020  P1IN                       
00000021  P1OUT                      
00000027  P1REN                      
00000026  P1SEL                      
00000041  P1SEL2                     
0000002a  P2DIR                      
0000002d  P2IE                       
0000002c  P2IES                      
0000002b  P2IFG                      
00000028  P2IN                       
00000029  P2OUT                      
0000002f  P2REN                      
0000002e  P2SEL                      
00000042  P2SEL2                     
0000001a  P3DIR                      
00000018  P3IN                       
00000019  P3OUT                      
00000010  P3REN                      
0000001b  P3SEL                      
00000043  P3SEL2                     
0000d2f0  SPISendByte                
0000c488  SetLEDDisplay              
00000172  TA0CCR0                    
00000174  TA0CCR1                    
00000176  TA0CCR2                    
00000162  TA0CCTL0                   
00000164  TA0CCTL1                   
00000166  TA0CCTL2                   
00000160  TA0CTL                     
0000012e  TA0IV                      
00000170  TA0R                       
00000192  TA1CCR0                    
00000194  TA1CCR1                    
00000196  TA1CCR2                    
00000182  TA1CCTL0                   
00000184  TA1CCTL1                   
00000186  TA1CCTL2                   
00000180  TA1CTL                     
0000011e  TA1IV                      
00000190  TA1R                       
000010db  TLV_ADC10_1_LEN            
000010da  TLV_ADC10_1_TAG            
000010c0  TLV_CHECKSUM               
000010f7  TLV_DCO_30_LEN             
000010f6  TLV_DCO_30_TAG             
0000ce3a  Timer0_A0                  
0000005d  UCA0ABCTL                  
00000062  UCA0BR0                    
00000063  UCA0BR1                    
00000060  UCA0CTL0                   
00000061  UCA0CTL1                   
0000005f  UCA0IRRCTL                 
0000005e  UCA0IRTCTL                 
00000064  UCA0MCTL                   
00000066  UCA0RXBUF                  
00000065  UCA0STAT                   
00000067  UCA0TXBUF                  
0000006a  UCB0BR0                    
0000006b  UCB0BR1                    
00000068  UCB0CTL0                   
00000069  UCB0CTL1                   
0000006c  UCB0I2CIE                  
00000118  UCB0I2COA                  
0000011a  UCB0I2CSA                  
0000006e  UCB0RXBUF                  
0000006d  UCB0STAT                   
0000006f  UCB0TXBUF                  
00000120  WDTCTL                     
00000400  __STACK_END                
00000050  __STACK_SIZE               
00000050  __SYSMEM_SIZE              
UNDEFED   __TI_BINIT_Base            
UNDEFED   __TI_BINIT_Limit           
0000d612  __TI_CINIT_Base            
0000d61a  __TI_CINIT_Limit           
0000d60e  __TI_Handler_Table_Base    
0000d612  __TI_Handler_Table_Limit   
UNDEFED   __TI_INITARRAY_Base        
UNDEFED   __TI_INITARRAY_Limit       
0000d592  __TI_ISR_TRAP              
0000d51e  __TI_decompress_none       
0000d5a6  __TI_decompress_rle24      
0000ffe0  __TI_int00                 
0000ffe4  __TI_int02                 
0000ffe6  __TI_int03                 
0000ffea  __TI_int05                 
0000ffec  __TI_int06                 
0000ffee  __TI_int07                 
0000fff0  __TI_int08                 
0000fff2  __TI_int09                 
0000fff4  __TI_int10                 
0000fff6  __TI_int11                 
0000fff8  __TI_int12                 
0000fffa  __TI_int13                 
0000fffc  __TI_int14                 
ffffffff  __TI_pprof_out_hndl        
ffffffff  __TI_prof_data_size        
ffffffff  __TI_prof_data_start       
ffffffff  __c_args__                 
0000c9e4  __mspabi_cmpd              
0000d1a8  __mspabi_cmpf              
0000d3f0  __mspabi_divi              
0000d4e0  __mspabi_divu              
0000cf42  __mspabi_fixfli            
0000d360  __mspabi_fltif             
0000ccfa  __mspabi_fltlid            
0000d1f2  __mspabi_fltlif            
0000d55e  __mspabi_func_epilog_1     
0000d55c  __mspabi_func_epilog_2     
0000d55a  __mspabi_func_epilog_3     
0000d558  __mspabi_func_epilog_4     
0000d556  __mspabi_func_epilog_5     
0000d554  __mspabi_func_epilog_6     
0000d552  __mspabi_func_epilog_7     
0000d50a  __mspabi_mpyi              
0000d50a  __mspabi_mpyi_sw           
0000d588  __mspabi_negf              
0000d3f0  __mspabi_remi              
0000d4e0  __mspabi_remu              
0000d41c  __mspabi_slli              
0000d444  __mspabi_slli_1            
0000d432  __mspabi_slli_10           
0000d430  __mspabi_slli_11           
0000d42e  __mspabi_slli_12           
0000d42c  __mspabi_slli_13           
0000d42a  __mspabi_slli_14           
0000d428  __mspabi_slli_15           
0000d442  __mspabi_slli_2            
0000d440  __mspabi_slli_3            
0000d43e  __mspabi_slli_4            
0000d43c  __mspabi_slli_5            
0000d43a  __mspabi_slli_6            
0000d438  __mspabi_slli_7            
0000d436  __mspabi_slli_8            
0000d434  __mspabi_slli_9            
0000d2b2  __mspabi_slll_1            
0000d28e  __mspabi_slll_10           
0000d28a  __mspabi_slll_11           
0000d286  __mspabi_slll_12           
0000d282  __mspabi_slll_13           
0000d27e  __mspabi_slll_14           
0000d27a  __mspabi_slll_15           
0000d2ae  __mspabi_slll_2            
0000d2aa  __mspabi_slll_3            
0000d2a6  __mspabi_slll_4            
0000d2a2  __mspabi_slll_5            
0000d29e  __mspabi_slll_6            
0000d29a  __mspabi_slll_7            
0000d296  __mspabi_slll_8            
0000d292  __mspabi_slll_9            
0000d542  __mspabi_sral              
0000d274  __mspabi_sral_1            
0000d250  __mspabi_sral_10           
0000d24c  __mspabi_sral_11           
0000d248  __mspabi_sral_12           
0000d244  __mspabi_sral_13           
0000d240  __mspabi_sral_14           
0000d23c  __mspabi_sral_15           
0000d270  __mspabi_sral_2            
0000d26c  __mspabi_sral_3            
0000d268  __mspabi_sral_4            
0000d264  __mspabi_sral_5            
0000d260  __mspabi_sral_6            
0000d25c  __mspabi_sral_7            
0000d258  __mspabi_sral_8            
0000d254  __mspabi_sral_9            
0000d146  __mspabi_srll_1            
0000d110  __mspabi_srll_10           
0000d10a  __mspabi_srll_11           
0000d104  __mspabi_srll_12           
0000d0fe  __mspabi_srll_13           
0000d0f8  __mspabi_srll_14           
0000d0f2  __mspabi_srll_15           
0000d140  __mspabi_srll_2            
0000d13a  __mspabi_srll_3            
0000d134  __mspabi_srll_4            
0000d12e  __mspabi_srll_5            
0000d128  __mspabi_srll_6            
0000d122  __mspabi_srll_7            
0000d11c  __mspabi_srll_8            
0000d116  __mspabi_srll_9            
0000cfc0  _auto_init                 
0000d4c6  _c_int00_noargs_noexit     
000002ba  _lock                      
0000d5b0  _nop                       
0000fffe  _reset_vector              
000003b0  _stack                     
00000200  _sys_memory                
0000d5b2  _system_post_cinit         
0000d5ac  _system_pre_init           
000002bc  _unlock                    
0000d5a0  abort                      
0000d57e  abs                        
0000029e  calibrationCount           
0000028e  calibrationPushButton      
0000d14e  copy_in                    
0000d5b4  cordic_ctab_degrees        
00000286  currentSamples             
0000c000  determineTilt              
0000cda6  filter                     
0000cec2  free                       
000002a0  g1msTimeout                
000002a2  g1msTimer                  
0000d448  getAccelerometerValues     
00000290  info                       
0000cb8a  main                       
000002b8  mainLED                    
0000cc4c  malloc                     
0000d530  memcpy                     
0000d328  minit                      
00000292  xAverage                   
00000250  xBuffer                    
00000294  xCumulativeSum             
000002a6  xMAX                       
000002ac  xMIN                       
000002b2  xOFFSET                    
00000296  yAverage                   
00000260  yBuffer                    
00000298  yCumulativeSum             
000002a8  yMAX                       
000002ae  yMIN                       
000002b4  yOFFSET                    
0000029a  zAverage                   
00000270  zBuffer                    
0000029c  zCumulativeSum             
000002aa  zMAX                       
000002b0  zMIN                       
000002b6  zOFFSET                    


GLOBAL SYMBOLS: SORTED BY Symbol Address 

address   name                       
-------   ----                       
00000000  IE1                        
00000001  IE2                        
00000002  IFG1                       
00000003  IFG2                       
00000010  P3REN                      
00000018  P3IN                       
00000019  P3OUT                      
0000001a  P3DIR                      
0000001b  P3SEL                      
00000020  P1IN                       
00000021  P1OUT                      
00000022  P1DIR                      
00000023  P1IFG                      
00000024  P1IES                      
00000025  P1IE                       
00000026  P1SEL                      
00000027  P1REN                      
00000028  P2IN                       
00000029  P2OUT                      
0000002a  P2DIR                      
0000002b  P2IFG                      
0000002c  P2IES                      
0000002d  P2IE                       
0000002e  P2SEL                      
0000002f  P2REN                      
00000041  P1SEL2                     
00000042  P2SEL2                     
00000043  P3SEL2                     
00000048  ADC10DTC0                  
00000049  ADC10DTC1                  
0000004a  ADC10AE0                   
00000050  __STACK_SIZE               
00000050  __SYSMEM_SIZE              
00000053  BCSCTL3                    
00000056  DCOCTL                     
00000057  BCSCTL1                    
00000058  BCSCTL2                    
00000059  CACTL1                     
0000005a  CACTL2                     
0000005b  CAPD                       
0000005d  UCA0ABCTL                  
0000005e  UCA0IRTCTL                 
0000005f  UCA0IRRCTL                 
00000060  UCA0CTL0                   
00000061  UCA0CTL1                   
00000062  UCA0BR0                    
00000063  UCA0BR1                    
00000064  UCA0MCTL                   
00000065  UCA0STAT                   
00000066  UCA0RXBUF                  
00000067  UCA0TXBUF                  
00000068  UCB0CTL0                   
00000069  UCB0CTL1                   
0000006a  UCB0BR0                    
0000006b  UCB0BR1                    
0000006c  UCB0I2CIE                  
0000006d  UCB0STAT                   
0000006e  UCB0RXBUF                  
0000006f  UCB0TXBUF                  
00000118  UCB0I2COA                  
0000011a  UCB0I2CSA                  
0000011e  TA1IV                      
00000120  WDTCTL                     
00000128  FCTL1                      
0000012a  FCTL2                      
0000012c  FCTL3                      
0000012e  TA0IV                      
00000160  TA0CTL                     
00000162  TA0CCTL0                   
00000164  TA0CCTL1                   
00000166  TA0CCTL2                   
00000170  TA0R                       
00000172  TA0CCR0                    
00000174  TA0CCR1                    
00000176  TA0CCR2                    
00000180  TA1CTL                     
00000182  TA1CCTL0                   
00000184  TA1CCTL1                   
00000186  TA1CCTL2                   
00000190  TA1R                       
00000192  TA1CCR0                    
00000194  TA1CCR1                    
00000196  TA1CCR2                    
000001b0  ADC10CTL0                  
000001b2  ADC10CTL1                  
000001b4  ADC10MEM                   
000001bc  ADC10SA                    
00000200  _sys_memory                
00000250  xBuffer                    
00000260  yBuffer                    
00000270  zBuffer                    
00000286  currentSamples             
0000028c  CurrentSampleIndex         
0000028e  calibrationPushButton      
00000290  info                       
00000292  xAverage                   
00000294  xCumulativeSum             
00000296  yAverage                   
00000298  yCumulativeSum             
0000029a  zAverage                   
0000029c  zCumulativeSum             
0000029e  calibrationCount           
000002a0  g1msTimeout                
000002a2  g1msTimer                  
000002a4  LEDRefreshTimer            
000002a6  xMAX                       
000002a8  yMAX                       
000002aa  zMAX                       
000002ac  xMIN                       
000002ae  yMIN                       
000002b0  zMIN                       
000002b2  xOFFSET                    
000002b4  yOFFSET                    
000002b6  zOFFSET                    
000002b8  mainLED                    
000002ba  _lock                      
000002bc  _unlock                    
000003b0  _stack                     
00000400  __STACK_END                
000010c0  TLV_CHECKSUM               
000010da  TLV_ADC10_1_TAG            
000010db  TLV_ADC10_1_LEN            
000010f6  TLV_DCO_30_TAG             
000010f7  TLV_DCO_30_LEN             
000010f8  CALDCO_16MHZ               
000010f9  CALBC1_16MHZ               
000010fa  CALDCO_12MHZ               
000010fb  CALBC1_12MHZ               
000010fc  CALDCO_8MHZ                
000010fd  CALBC1_8MHZ                
000010fe  CALDCO_1MHZ                
000010ff  CALBC1_1MHZ                
0000c000  determineTilt              
0000c488  SetLEDDisplay              
0000c6f0  Cordic                     
0000c8ca  Calibrate                  
0000c9e4  __mspabi_cmpd              
0000cac0  Debouncer                  
0000cb8a  main                       
0000cc4c  malloc                     
0000ccfa  __mspabi_fltlid            
0000cda6  filter                     
0000ce3a  Timer0_A0                  
0000cec2  free                       
0000cf42  __mspabi_fixfli            
0000cfc0  _auto_init                 
0000d092  InitializeSampleBuffer     
0000d0f2  __mspabi_srll_15           
0000d0f8  __mspabi_srll_14           
0000d0fe  __mspabi_srll_13           
0000d104  __mspabi_srll_12           
0000d10a  __mspabi_srll_11           
0000d110  __mspabi_srll_10           
0000d116  __mspabi_srll_9            
0000d11c  __mspabi_srll_8            
0000d122  __mspabi_srll_7            
0000d128  __mspabi_srll_6            
0000d12e  __mspabi_srll_5            
0000d134  __mspabi_srll_4            
0000d13a  __mspabi_srll_3            
0000d140  __mspabi_srll_2            
0000d146  __mspabi_srll_1            
0000d14e  copy_in                    
0000d1a8  __mspabi_cmpf              
0000d1f2  __mspabi_fltlif            
0000d23c  __mspabi_sral_15           
0000d240  __mspabi_sral_14           
0000d244  __mspabi_sral_13           
0000d248  __mspabi_sral_12           
0000d24c  __mspabi_sral_11           
0000d250  __mspabi_sral_10           
0000d254  __mspabi_sral_9            
0000d258  __mspabi_sral_8            
0000d25c  __mspabi_sral_7            
0000d260  __mspabi_sral_6            
0000d264  __mspabi_sral_5            
0000d268  __mspabi_sral_4            
0000d26c  __mspabi_sral_3            
0000d270  __mspabi_sral_2            
0000d274  __mspabi_sral_1            
0000d27a  __mspabi_slll_15           
0000d27e  __mspabi_slll_14           
0000d282  __mspabi_slll_13           
0000d286  __mspabi_slll_12           
0000d28a  __mspabi_slll_11           
0000d28e  __mspabi_slll_10           
0000d292  __mspabi_slll_9            
0000d296  __mspabi_slll_8            
0000d29a  __mspabi_slll_7            
0000d29e  __mspabi_slll_6            
0000d2a2  __mspabi_slll_5            
0000d2a6  __mspabi_slll_4            
0000d2aa  __mspabi_slll_3            
0000d2ae  __mspabi_slll_2            
0000d2b2  __mspabi_slll_1            
0000d2b8  ConfigureADC               
0000d2f0  SPISendByte                
0000d328  minit                      
0000d360  __mspabi_fltif             
0000d396  InitializeSPI              
0000d3c4  InitializeLEDInfo          
0000d3f0  __mspabi_divi              
0000d3f0  __mspabi_remi              
0000d41c  __mspabi_slli              
0000d428  __mspabi_slli_15           
0000d42a  __mspabi_slli_14           
0000d42c  __mspabi_slli_13           
0000d42e  __mspabi_slli_12           
0000d430  __mspabi_slli_11           
0000d432  __mspabi_slli_10           
0000d434  __mspabi_slli_9            
0000d436  __mspabi_slli_8            
0000d438  __mspabi_slli_7            
0000d43a  __mspabi_slli_6            
0000d43c  __mspabi_slli_5            
0000d43e  __mspabi_slli_4            
0000d440  __mspabi_slli_3            
0000d442  __mspabi_slli_2            
0000d444  __mspabi_slli_1            
0000d448  getAccelerometerValues     
0000d46c  ConfigureTimerA            
0000d48a  GetSwitch                  
0000d4a8  InitializeSwitch           
0000d4c6  _c_int00_noargs_noexit     
0000d4e0  __mspabi_divu              
0000d4e0  __mspabi_remu              
0000d4f6  ManageSoftwareTimers       
0000d50a  __mspabi_mpyi              
0000d50a  __mspabi_mpyi_sw           
0000d51e  __TI_decompress_none       
0000d530  memcpy                     
0000d542  __mspabi_sral              
0000d552  __mspabi_func_epilog_7     
0000d554  __mspabi_func_epilog_6     
0000d556  __mspabi_func_epilog_5     
0000d558  __mspabi_func_epilog_4     
0000d55a  __mspabi_func_epilog_3     
0000d55c  __mspabi_func_epilog_2     
0000d55e  __mspabi_func_epilog_1     
0000d562  ConfigureClockModule       
0000d570  InitializePushButtonPortPin
0000d57e  abs                        
0000d588  __mspabi_negf              
0000d592  __TI_ISR_TRAP              
0000d59a  Button_routine             
0000d5a0  C$$EXIT                    
0000d5a0  abort                      
0000d5a6  __TI_decompress_rle24      
0000d5ac  _system_pre_init           
0000d5b0  _nop                       
0000d5b2  _system_post_cinit         
0000d5b4  cordic_ctab_degrees        
0000d60e  __TI_Handler_Table_Base    
0000d612  __TI_CINIT_Base            
0000d612  __TI_Handler_Table_Limit   
0000d61a  __TI_CINIT_Limit           
0000ffe0  __TI_int00                 
0000ffe4  __TI_int02                 
0000ffe6  __TI_int03                 
0000ffea  __TI_int05                 
0000ffec  __TI_int06                 
0000ffee  __TI_int07                 
0000fff0  __TI_int08                 
0000fff2  __TI_int09                 
0000fff4  __TI_int10                 
0000fff6  __TI_int11                 
0000fff8  __TI_int12                 
0000fffa  __TI_int13                 
0000fffc  __TI_int14                 
0000fffe  _reset_vector              
ffffffff  __TI_pprof_out_hndl        
ffffffff  __TI_prof_data_size        
ffffffff  __TI_prof_data_start       
ffffffff  __c_args__                 
UNDEFED   __TI_BINIT_Base            
UNDEFED   __TI_BINIT_Limit           
UNDEFED   __TI_INITARRAY_Base        
UNDEFED   __TI_INITARRAY_Limit       

[278 symbols]
